
> test
> NODE_OPTIONS=--experimental-vm-modules jest --clearCache && NODE_OPTIONS=--experimental-vm-modules jest

Cleared /private/var/folders/zn/9dshw6r91w7925ljbrgtrdc00000gn/T/jest_dx
(node:27698) ExperimentalWarning: VM Modules is an experimental feature and might change at any time
(Use `node --trace-warnings ...` to show where the warning was created)
PASS src/modules/__test__/scenarios.test.js
(node:27699) ExperimentalWarning: VM Modules is an experimental feature and might change at any time
(Use `node --trace-warnings ...` to show where the warning was created)
PASS src/modules/__test__/bots.test.js
  ● Console

    console.log
      Groq

      at Object.log (src/modules/__test__/bots.test.js:63:29)


Test Suites: 2 passed, 2 total
Tests:       33 skipped, 32 passed, 65 total
Snapshots:   0 total
Time:        0.494 s
Ran all test suites.
